<area shape="rect" href="$app_8h.html" title="app.h" alt="" coords="549,82,603,106">
<area shape="rect" href="$point_8h.html" title="point.h" alt="" coords="808,306,867,330">
<area shape="rect" href="$GUI_8h.html" title="GUI.h" alt="" coords="293,231,349,255">
<area shape="rect" href="$GUIButton_8h.html" title="GUIButton.h" alt="" coords="925,231,1019,255">
<area shape="rect" href="$SDLLoader_8h.html" title="SDLLoader.h" alt="" coords="199,156,295,180">
<area shape="rect" href="$mesh_8h.html" title="mesh.h" alt="" coords="640,156,704,180">
<area shape="rect" href="$camera_8h.html" title="camera.h" alt="" coords="424,231,499,255">
<area shape="rect" href="$error_8h.html" title="error.h" alt="" coords="93,231,149,255">
<area shape="rect" href="$DeltaFunctor_8h.html" title="DeltaFunctor.h" alt="" coords="480,306,584,330">
<area shape="rect" href="$GUIElement_8h.html" title="GUIElement.h" alt="" coords="352,306,456,330">
<area shape="rect" href="$face_8h.html" title="face.h" alt="" coords="744,231,800,255">
