<area shape="rect" href="$app_8h.html" title="app.h" alt="" coords="724,81,777,105">
<area shape="rect" href="$GUI_8h.html" title="GUI.h" alt="" coords="1620,529,1676,553">
<area shape="rect" href="$carCharacter_8h.html" title="carCharacter.h" alt="" coords="743,156,847,180">
<area shape="rect" href="$GUIButton_8h.html" title="GUIButton.h" alt="" coords="1611,454,1704,478">
<area shape="rect" href="$GUITextHandler_8h.html" title="GUITextHandler.h" alt="" coords="1779,81,1901,105">
<area shape="rect" href="$camera_8h.html" title="camera.h" alt="" coords="1209,156,1284,180">
<area shape="rect" href="$SDLLoader_8h.html" title="SDLLoader.h" alt="" coords="1440,454,1536,478">
<area shape="rect" href="$mesh_8h.html" title="mesh.h" alt="" coords="705,380,769,404">
<area shape="rect" href="$sampleServer_8h.html" title="sampleServer.h" alt="" coords="195,380,307,404">
<area shape="rect" href="$error_8h.html" title="error.h" alt="" coords="1077,529,1133,553">
<area shape="rect" href="$GUIElement_8h.html" title="GUIElement.h" alt="" coords="1653,604,1757,628">
<area shape="rect" href="$face_8h.html" title="face.h" alt="" coords="976,454,1032,478">
<area shape="rect" href="$point_8h.html" title="point.h" alt="" coords="995,529,1053,553">
<area shape="rect" href="$character_8h.html" title="character.h" alt="" coords="863,230,948,254">
<area shape="rect" href="$cameraPosition_8h.html" title="cameraPosition.h" alt="" coords="844,305,967,329">
<area shape="rect" href="$physicsObject_8h.html" title="physicsObject.h" alt="" coords="991,305,1105,329">
<area shape="rect" href="$path_8h.html" title="path.h" alt="" coords="1268,380,1324,404">
<area shape="rect" href="$physicsManager_8h.html" title="physicsManager.h" alt="" coords="675,454,800,478">
<area shape="rect" href="$memberThreads_8h.html" title="memberThreads.h" alt="" coords="617,604,743,628">
<area shape="rect" href="$serverConnection_8h.html" title="serverConnection.h" alt="" coords="245,454,379,478">
<area shape="rect" href="$DeltaFunctor_8h.html" title="DeltaFunctor.h" alt="" coords="1284,230,1388,254">
