<area shape="rect" href="$SDLLoader_8h.html" title="SDLLoader.h" alt="" coords="249,380,345,404">
<area shape="rect" href="$mesh_8h.html" title="mesh.h" alt="" coords="764,306,828,330">
<area shape="rect" href="$carCharacter_8h.html" title="carCharacter.h" alt="" coords="655,82,759,106">
<area shape="rect" href="$sampleServer_8h.html" title="sampleServer.h" alt="" coords="1237,306,1349,330">
<area shape="rect" href="$GUI_8h.html" title="GUI.h" alt="" coords="291,455,347,479">
<area shape="rect" href="$error_8h.html" title="error.h" alt="" coords="671,455,727,479">
<area shape="rect" href="$GUIElement_8h.html" title="GUIElement.h" alt="" coords="284,530,388,554">
<area shape="rect" href="$face_8h.html" title="face.h" alt="" coords="652,380,708,404">
<area shape="rect" href="$point_8h.html" title="point.h" alt="" coords="751,455,809,479">
<area shape="rect" href="$character_8h.html" title="character.h" alt="" coords="523,156,608,180">
<area shape="rect" href="$cameraPosition_8h.html" title="cameraPosition.h" alt="" coords="455,231,577,255">
<area shape="rect" href="$physicsObject_8h.html" title="physicsObject.h" alt="" coords="316,231,431,255">
<area shape="rect" href="$path_8h.html" title="path.h" alt="" coords="367,306,423,330">
<area shape="rect" href="$physicsManager_8h.html" title="physicsManager.h" alt="" coords="49,380,175,404">
<area shape="rect" href="$memberThreads_8h.html" title="memberThreads.h" alt="" coords="60,530,185,554">
<area shape="rect" href="$serverConnection_8h.html" title="serverConnection.h" alt="" coords="1257,380,1391,404">
