<area shape="rect" href="$app_8h.html" title="app.h" alt="" coords="513,81,567,105">
<area shape="rect" href="$GUI_8h.html" title="GUI.h" alt="" coords="180,305,236,329">
<area shape="rect" href="$carCharacter_8h.html" title="carCharacter.h" alt="" coords="811,156,915,180">
<area shape="rect" href="$GUIButton_8h.html" title="GUIButton.h" alt="" coords="1201,305,1295,329">
<area shape="rect" href="$GUITextHandler_8h.html" title="GUITextHandler.h" alt="" coords="48,81,171,105">
<area shape="rect" href="$camera_8h.html" title="camera.h" alt="" coords="1532,81,1607,105">
<area shape="rect" href="$SDLLoader_8h.html" title="SDLLoader.h" alt="" coords="492,230,588,254">
<area shape="rect" href="$mesh_8h.html" title="mesh.h" alt="" coords="831,230,895,254">
<area shape="rect" href="$sampleServer_8h.html" title="sampleServer.h" alt="" coords="311,305,423,329">
<area shape="rect" href="$error_8h.html" title="error.h" alt="" coords="447,305,503,329">
<area shape="rect" href="$GUIElement_8h.html" title="GUIElement.h" alt="" coords="132,380,236,404">
<area shape="rect" href="$face_8h.html" title="face.h" alt="" coords="1020,305,1076,329">
<area shape="rect" href="$point_8h.html" title="point.h" alt="" coords="1295,380,1353,404">
<area shape="rect" href="$character_8h.html" title="character.h" alt="" coords="1500,230,1585,254">
<area shape="rect" href="$cameraPosition_8h.html" title="cameraPosition.h" alt="" coords="1420,305,1543,329">
<area shape="rect" href="$serverConnection_8h.html" title="serverConnection.h" alt="" coords="361,380,495,404">
<area shape="rect" href="$DeltaFunctor_8h.html" title="DeltaFunctor.h" alt="" coords="1633,156,1737,180">
<area shape="rect" href="$path_8h.html" title="path.h" alt="" coords="1355,156,1411,180">
