<area shape="rect" href="$ball_8h.html" title="ball.h" alt="" coords="377,81,428,105">
<area shape="rect" href="$physicsObject_8h.html" title="physicsObject.h" alt="" coords="345,156,460,180">
<area shape="rect" href="$mesh_8h.html" title="mesh.h" alt="" coords="808,231,872,255">
<area shape="rect" href="$SDLLoader_8h.html" title="SDLLoader.h" alt="" coords="355,305,451,329">
<area shape="rect" href="$point_8h.html" title="point.h" alt="" coords="759,380,817,404">
<area shape="rect" href="$path_8h.html" title="path.h" alt="" coords="475,231,531,255">
<area shape="rect" href="$physicsManager_8h.html" title="physicsManager.h" alt="" coords="152,305,277,329">
<area shape="rect" href="$GUI_8h.html" title="GUI.h" alt="" coords="476,380,532,404">
<area shape="rect" href="$error_8h.html" title="error.h" alt="" coords="295,380,351,404">
<area shape="rect" href="$GUIElement_8h.html" title="GUIElement.h" alt="" coords="476,455,580,479">
<area shape="rect" href="$face_8h.html" title="face.h" alt="" coords="1029,305,1085,329">
<area shape="rect" href="$memberThreads_8h.html" title="memberThreads.h" alt="" coords="5,455,131,479">
