<area shape="rect" href="$point_8h.html" title="point.h" alt="" coords="217,380,276,404">
<area shape="rect" href="$DeltaFunctor_8h.html" title="DeltaFunctor.h" alt="" coords="144,81,248,105">
<area shape="rect" href="$character_8h.html" title="character.h" alt="" coords="297,81,383,105">
<area shape="rect" href="$path_8h.html" title="path.h" alt="" coords="760,231,816,255">
<area shape="rect" href="$cameraPosition_8h.html" title="cameraPosition.h" alt="" coords="205,156,328,180">
<area shape="rect" href="$physicsObject_8h.html" title="physicsObject.h" alt="" coords="609,156,724,180">
<area shape="rect" href="$SDLLoader_8h.html" title="SDLLoader.h" alt="" coords="749,305,845,329">
<area shape="rect" href="$mesh_8h.html" title="mesh.h" alt="" coords="368,231,432,255">
<area shape="rect" href="$physicsManager_8h.html" title="physicsManager.h" alt="" coords="1051,305,1176,329">
<area shape="rect" href="$GUI_8h.html" title="GUI.h" alt="" coords="800,380,856,404">
<area shape="rect" href="$error_8h.html" title="error.h" alt="" coords="568,380,624,404">
<area shape="rect" href="$GUIElement_8h.html" title="GUIElement.h" alt="" coords="764,455,868,479">
<area shape="rect" href="$face_8h.html" title="face.h" alt="" coords="416,305,472,329">
<area shape="rect" href="$memberThreads_8h.html" title="memberThreads.h" alt="" coords="1012,455,1137,479">
