<area shape="rect" href="$error_8h.html" title="error.h" alt="" coords="47,455,103,479">
<area shape="rect" href="$carCharacter_8h.html" title="carCharacter.h" alt="" coords="429,82,533,106">
<area shape="rect" href="$mesh_8h.html" title="mesh.h" alt="" coords="1011,306,1075,330">
<area shape="rect" href="$cameraPosition_8h.html" title="cameraPosition.h" alt="" coords="883,231,1005,255">
<area shape="rect" href="$character_8h.html" title="character.h" alt="" coords="787,156,872,180">
<area shape="rect" href="$face_8h.html" title="face.h" alt="" coords="881,380,937,404">
<area shape="rect" href="$point_8h.html" title="point.h" alt="" coords="939,455,997,479">
<area shape="rect" href="$physicsObject_8h.html" title="physicsObject.h" alt="" coords="517,231,632,255">
<area shape="rect" href="$SDLLoader_8h.html" title="SDLLoader.h" alt="" coords="279,380,375,404">
<area shape="rect" href="$path_8h.html" title="path.h" alt="" coords="449,306,505,330">
<area shape="rect" href="$physicsManager_8h.html" title="physicsManager.h" alt="" coords="580,380,705,404">
<area shape="rect" href="$GUI_8h.html" title="GUI.h" alt="" coords="348,455,404,479">
<area shape="rect" href="$GUIElement_8h.html" title="GUIElement.h" alt="" coords="332,530,436,554">
<area shape="rect" href="$memberThreads_8h.html" title="memberThreads.h" alt="" coords="669,530,795,554">
