<area shape="rect" href="$camera_8h.html" title="camera.h" alt="" coords="95,81,169,105">
<area shape="rect" href="$character_8cpp.html" title="character.cpp" alt="" coords="199,81,297,105">
<area shape="rect" href="$carCharacter_8h.html" title="sample/carCharacter.h" alt="" coords="324,81,476,105">
<area shape="rect" href="$camera_8cpp.html" title="camera.cpp" alt="" coords="5,156,93,180">
<area shape="rect" href="$app_8cpp.html" title="sample/app.cpp" alt="" coords="205,230,317,254">
<area shape="rect" href="$SDLLoader_8cpp.html" title="SDLLoader.cpp" alt="" coords="168,156,277,180">
<area shape="rect" href="$app_8h.html" title="sample/app.h" alt="" coords="352,156,451,180">
<area shape="rect" href="$carCharacter_8cpp.html" title="sample/carCharacter.cpp" alt="" coords="475,156,640,180">
<area shape="rect" href="$main_8cpp.html" title="sample/main.cpp" alt="" coords="341,230,461,254">
<area shape="rect" href="$sampleServer_8cpp.html" title="sample/sampleServer.cpp" alt="" coords="485,230,656,254">
