<area shape="rect" href="$GUI_8h.html" title="GUI.h" alt="" coords="164,82,220,106">
<area shape="rect" href="$GUIButton_8h.html" title="GUIButton.h" alt="" coords="539,156,632,180">
<area shape="rect" href="$GUIElement_8cpp.html" title="GUIElement.cpp" alt="" coords="572,82,689,106">
<area shape="rect" href="$GUIText_8h.html" title="GUIText.h" alt="" coords="713,82,793,106">
<area shape="rect" href="$SDLLoader_8h.html" title="SDLLoader.h" alt="" coords="197,156,293,180">
<area shape="rect" href="$GUI_8cpp.html" title="GUI.cpp" alt="" coords="39,231,108,255">
<area shape="rect" href="$app_8cpp.html" title="sample/app.cpp" alt="" coords="125,306,237,330">
<area shape="rect" href="$DeltaFunctor_8cpp.html" title="DeltaFunctor.cpp" alt="" coords="388,231,508,255">
<area shape="rect" href="$GUIButton_8cpp.html" title="GUIButton.cpp" alt="" coords="532,231,639,255">
<area shape="rect" href="$app_8h.html" title="sample/app.h" alt="" coords="132,231,231,255">
<area shape="rect" href="$SDLLoader_8cpp.html" title="SDLLoader.cpp" alt="" coords="255,231,364,255">
<area shape="rect" href="$main_8cpp.html" title="sample/main.cpp" alt="" coords="121,380,241,404">
<area shape="rect" href="$GUIText_8cpp.html" title="GUIText.cpp" alt="" coords="707,156,800,180">
