<area shape="rect" href="$GUI_8h.html" title="GUI.h" alt="" coords="377,82,433,106">
<area shape="rect" href="$GUIButton_8h.html" title="GUIButton.h" alt="" coords="5,156,99,180">
<area shape="rect" href="$GUIElement_8cpp.html" title="GUIElement.cpp" alt="" coords="236,82,353,106">
<area shape="rect" href="$GUIText_8h.html" title="GUIText.h" alt="" coords="509,82,589,106">
<area shape="rect" href="$GUITextHandler_8h.html" title="GUITextHandler.h" alt="" coords="89,82,212,106">
<area shape="rect" href="$SDLLoader_8h.html" title="SDLLoader.h" alt="" coords="459,156,555,180">
<area shape="rect" href="$app_8cpp.html" title="sample/app.cpp" alt="" coords="333,604,445,628">
<area shape="rect" href="$GUI_8cpp.html" title="GUI.cpp" alt="" coords="360,231,429,255">
<area shape="rect" href="$physicsObject_8h.html" title="physicsObject.h" alt="" coords="677,306,792,330">
<area shape="rect" href="$SDLLoader_8cpp.html" title="SDLLoader.cpp" alt="" coords="328,530,437,554">
<area shape="rect" href="$app_8h.html" title="sample/app.h" alt="" coords="899,530,997,554">
<area shape="rect" href="$physicsManager_8cpp.html" title="physicsManager.cpp" alt="" coords="953,380,1092,404">
<area shape="rect" href="$path_8h.html" title="path.h" alt="" coords="504,231,560,255">
<area shape="rect" href="$DeltaFunctor_8cpp.html" title="DeltaFunctor.cpp" alt="" coords="584,231,704,255">
<area shape="rect" href="$GUIButton_8cpp.html" title="GUIButton.cpp" alt="" coords="229,231,336,255">
<area shape="rect" href="$character_8h.html" title="character.h" alt="" coords="569,380,655,404">
<area shape="rect" href="$physicsObject_8cpp.html" title="physicsObject.cpp" alt="" coords="801,380,929,404">
<area shape="rect" href="$ball_8h.html" title="sample/ball.h" alt="" coords="679,380,777,404">
<area shape="rect" href="$camera_8h.html" title="camera.h" alt="" coords="507,455,581,479">
<area shape="rect" href="$character_8cpp.html" title="character.cpp" alt="" coords="605,455,704,479">
<area shape="rect" href="$carCharacter_8h.html" title="sample/carCharacter.h" alt="" coords="728,455,880,479">
<area shape="rect" href="$camera_8cpp.html" title="camera.cpp" alt="" coords="461,530,549,554">
<area shape="rect" href="$carCharacter_8cpp.html" title="sample/carCharacter.cpp" alt="" coords="709,530,875,554">
<area shape="rect" href="$main_8cpp.html" title="sample/main.cpp" alt="" coords="972,604,1092,628">
<area shape="rect" href="$sampleServer_8cpp.html" title="sample/sampleServer.cpp" alt="" coords="777,604,948,628">
<area shape="rect" href="$ball_8cpp.html" title="sample/ball.cpp" alt="" coords="904,455,1016,479">
<area shape="rect" href="$GUIText_8cpp.html" title="GUIText.cpp" alt="" coords="579,156,672,180">
<area shape="rect" href="$GUITextHandler_8cpp.html" title="GUITextHandler.cpp" alt="" coords="173,156,309,180">
