<area shape="rect" href="$app_8h.html" title="app.h" alt="" coords="680,81,733,105">
<area shape="rect" href="$SDLLoader_8h.html" title="SDLLoader.h" alt="" coords="249,454,345,478">
<area shape="rect" href="$mesh_8h.html" title="mesh.h" alt="" coords="764,380,828,404">
<area shape="rect" href="$carCharacter_8h.html" title="carCharacter.h" alt="" coords="655,156,759,180">
<area shape="rect" href="$sampleServer_8h.html" title="sampleServer.h" alt="" coords="1237,380,1349,404">
<area shape="rect" href="$GUI_8h.html" title="GUI.h" alt="" coords="291,529,347,553">
<area shape="rect" href="$error_8h.html" title="error.h" alt="" coords="671,529,727,553">
<area shape="rect" href="$GUIElement_8h.html" title="GUIElement.h" alt="" coords="284,604,388,628">
<area shape="rect" href="$face_8h.html" title="face.h" alt="" coords="652,454,708,478">
<area shape="rect" href="$point_8h.html" title="point.h" alt="" coords="751,529,809,553">
<area shape="rect" href="$character_8h.html" title="character.h" alt="" coords="523,230,608,254">
<area shape="rect" href="$cameraPosition_8h.html" title="cameraPosition.h" alt="" coords="455,305,577,329">
<area shape="rect" href="$physicsObject_8h.html" title="physicsObject.h" alt="" coords="316,305,431,329">
<area shape="rect" href="$path_8h.html" title="path.h" alt="" coords="367,380,423,404">
<area shape="rect" href="$physicsManager_8h.html" title="physicsManager.h" alt="" coords="49,454,175,478">
<area shape="rect" href="$memberThreads_8h.html" title="memberThreads.h" alt="" coords="60,604,185,628">
<area shape="rect" href="$serverConnection_8h.html" title="serverConnection.h" alt="" coords="1257,454,1391,478">
