<area shape="rect" href="$app_8cpp.html" title="app.cpp" alt="" coords="543,81,609,105">
<area shape="rect" href="$app_8h.html" title="app.h" alt="" coords="549,156,603,180">
<area shape="rect" href="$point_8h.html" title="point.h" alt="" coords="808,380,867,404">
<area shape="rect" href="$GUI_8h.html" title="GUI.h" alt="" coords="293,305,349,329">
<area shape="rect" href="$GUIButton_8h.html" title="GUIButton.h" alt="" coords="925,305,1019,329">
<area shape="rect" href="$SDLLoader_8h.html" title="SDLLoader.h" alt="" coords="199,230,295,254">
<area shape="rect" href="$mesh_8h.html" title="mesh.h" alt="" coords="640,230,704,254">
<area shape="rect" href="$camera_8h.html" title="camera.h" alt="" coords="424,305,499,329">
<area shape="rect" href="$error_8h.html" title="error.h" alt="" coords="93,305,149,329">
<area shape="rect" href="$DeltaFunctor_8h.html" title="DeltaFunctor.h" alt="" coords="480,380,584,404">
<area shape="rect" href="$GUIElement_8h.html" title="GUIElement.h" alt="" coords="352,380,456,404">
<area shape="rect" href="$face_8h.html" title="face.h" alt="" coords="744,305,800,329">
