<area shape="rect" href="$app_8h.html" title="app.h" alt="" coords="665,81,719,105">
<area shape="rect" href="$SDLLoader_8h.html" title="SDLLoader.h" alt="" coords="208,230,304,254">
<area shape="rect" href="$mesh_8h.html" title="mesh.h" alt="" coords="660,230,724,254">
<area shape="rect" href="$carCharacter_8h.html" title="carCharacter.h" alt="" coords="812,156,916,180">
<area shape="rect" href="$sampleServer_8h.html" title="sampleServer.h" alt="" coords="1171,305,1283,329">
<area shape="rect" href="$GUI_8h.html" title="GUI.h" alt="" coords="93,305,149,329">
<area shape="rect" href="$error_8h.html" title="error.h" alt="" coords="293,305,349,329">
<area shape="rect" href="$GUIElement_8h.html" title="GUIElement.h" alt="" coords="93,380,197,404">
<area shape="rect" href="$face_8h.html" title="face.h" alt="" coords="623,305,679,329">
<area shape="rect" href="$point_8h.html" title="point.h" alt="" coords="759,380,817,404">
<area shape="rect" href="$character_8h.html" title="character.h" alt="" coords="863,230,948,254">
<area shape="rect" href="$cameraPosition_8h.html" title="cameraPosition.h" alt="" coords="943,305,1065,329">
<area shape="rect" href="$serverConnection_8h.html" title="serverConnection.h" alt="" coords="1175,380,1308,404">
