<area shape="rect" href="$sampleServer_8h.html" title="sampleServer.h" alt="" coords="131,380,243,404">
<area shape="rect" href="$error_8h.html" title="error.h" alt="" coords="453,529,509,553">
<area shape="rect" href="$app_8h.html" title="app.h" alt="" coords="392,81,445,105">
<area shape="rect" href="$serverConnection_8h.html" title="serverConnection.h" alt="" coords="144,454,277,478">
<area shape="rect" href="$SDLLoader_8h.html" title="SDLLoader.h" alt="" coords="1240,454,1336,478">
<area shape="rect" href="$mesh_8h.html" title="mesh.h" alt="" coords="623,380,687,404">
<area shape="rect" href="$carCharacter_8h.html" title="carCharacter.h" alt="" coords="435,156,539,180">
<area shape="rect" href="$GUI_8h.html" title="GUI.h" alt="" coords="1263,529,1319,553">
<area shape="rect" href="$GUIElement_8h.html" title="GUIElement.h" alt="" coords="1215,604,1319,628">
<area shape="rect" href="$face_8h.html" title="face.h" alt="" coords="725,454,781,478">
<area shape="rect" href="$point_8h.html" title="point.h" alt="" coords="789,529,848,553">
<area shape="rect" href="$character_8h.html" title="character.h" alt="" coords="828,230,913,254">
<area shape="rect" href="$cameraPosition_8h.html" title="cameraPosition.h" alt="" coords="760,305,883,329">
<area shape="rect" href="$physicsObject_8h.html" title="physicsObject.h" alt="" coords="987,305,1101,329">
<area shape="rect" href="$path_8h.html" title="path.h" alt="" coords="1109,380,1165,404">
<area shape="rect" href="$physicsManager_8h.html" title="physicsManager.h" alt="" coords="1360,454,1485,478">
<area shape="rect" href="$memberThreads_8h.html" title="memberThreads.h" alt="" coords="1393,604,1519,628">
