<area shape="rect" href="$sampleServer_8h.html" title="sampleServer.h" alt="" coords="155,156,267,180">
<area shape="rect" href="$error_8h.html" title="error.h" alt="" coords="331,305,387,329">
<area shape="rect" href="$app_8h.html" title="app.h" alt="" coords="649,81,703,105">
<area shape="rect" href="$serverConnection_8h.html" title="serverConnection.h" alt="" coords="144,230,277,254">
<area shape="rect" href="$SDLLoader_8h.html" title="SDLLoader.h" alt="" coords="1077,230,1173,254">
<area shape="rect" href="$mesh_8h.html" title="mesh.h" alt="" coords="707,230,771,254">
<area shape="rect" href="$carCharacter_8h.html" title="carCharacter.h" alt="" coords="576,156,680,180">
<area shape="rect" href="$GUI_8h.html" title="GUI.h" alt="" coords="1163,305,1219,329">
<area shape="rect" href="$GUIElement_8h.html" title="GUIElement.h" alt="" coords="1173,380,1277,404">
<area shape="rect" href="$face_8h.html" title="face.h" alt="" coords="880,305,936,329">
<area shape="rect" href="$point_8h.html" title="point.h" alt="" coords="643,380,701,404">
<area shape="rect" href="$character_8h.html" title="character.h" alt="" coords="579,230,664,254">
<area shape="rect" href="$cameraPosition_8h.html" title="cameraPosition.h" alt="" coords="411,305,533,329">
