<area shape="rect" href="$physicsObject_8h.html" title="physicsObject.h" alt="" coords="392,156,507,180">
<area shape="rect" href="$SDLLoader_8cpp.html" title="SDLLoader.cpp" alt="" coords="5,380,115,404">
<area shape="rect" href="$app_8h.html" title="sample/app.h" alt="" coords="679,380,777,404">
<area shape="rect" href="$physicsManager_8cpp.html" title="physicsManager.cpp" alt="" coords="581,230,720,254">
<area shape="rect" href="$path_8h.html" title="path.h" alt="" coords="244,81,300,105">
<area shape="rect" href="$DeltaFunctor_8cpp.html" title="DeltaFunctor.cpp" alt="" coords="780,81,900,105">
<area shape="rect" href="$GUI_8cpp.html" title="GUI.cpp" alt="" coords="924,81,993,105">
<area shape="rect" href="$GUIButton_8cpp.html" title="GUIButton.cpp" alt="" coords="1017,81,1124,105">
<area shape="rect" href="$character_8h.html" title="character.h" alt="" coords="472,230,557,254">
<area shape="rect" href="$physicsObject_8cpp.html" title="physicsObject.cpp" alt="" coords="320,230,448,254">
<area shape="rect" href="$ball_8h.html" title="sample/ball.h" alt="" coords="197,230,296,254">
<area shape="rect" href="$camera_8h.html" title="camera.h" alt="" coords="147,305,221,329">
<area shape="rect" href="$character_8cpp.html" title="character.cpp" alt="" coords="413,305,512,329">
<area shape="rect" href="$carCharacter_8h.html" title="sample/carCharacter.h" alt="" coords="536,305,688,329">
<area shape="rect" href="$camera_8cpp.html" title="camera.cpp" alt="" coords="139,380,227,404">
<area shape="rect" href="$app_8cpp.html" title="sample/app.cpp" alt="" coords="507,454,619,478">
<area shape="rect" href="$carCharacter_8cpp.html" title="sample/carCharacter.cpp" alt="" coords="409,380,575,404">
<area shape="rect" href="$main_8cpp.html" title="sample/main.cpp" alt="" coords="837,454,957,478">
<area shape="rect" href="$sampleServer_8cpp.html" title="sample/sampleServer.cpp" alt="" coords="643,454,813,478">
<area shape="rect" href="$ball_8cpp.html" title="sample/ball.cpp" alt="" coords="245,305,357,329">
