<area shape="rect" href="$path_8h.html" title="path.h" alt="" coords="84,81,140,105">
<area shape="rect" href="$SDLLoader_8cpp.html" title="SDLLoader.cpp" alt="" coords="391,230,500,254">
<area shape="rect" href="$DeltaFunctor_8cpp.html" title="DeltaFunctor.cpp" alt="" coords="613,81,733,105">
<area shape="rect" href="$GUI_8cpp.html" title="GUI.cpp" alt="" coords="757,81,827,105">
<area shape="rect" href="$GUIButton_8cpp.html" title="GUIButton.cpp" alt="" coords="851,81,957,105">
<area shape="rect" href="$app_8h.html" title="sample/app.h" alt="" coords="319,81,417,105">
<area shape="rect" href="$camera_8h.html" title="camera.h" alt="" coords="75,156,149,180">
<area shape="rect" href="$camera_8cpp.html" title="camera.cpp" alt="" coords="5,230,93,254">
<area shape="rect" href="$app_8cpp.html" title="sample/app.cpp" alt="" coords="124,230,236,254">
<area shape="rect" href="$main_8cpp.html" title="sample/main.cpp" alt="" coords="224,156,344,180">
<area shape="rect" href="$sampleServer_8cpp.html" title="sample/sampleServer.cpp" alt="" coords="368,156,539,180">
