<area shape="rect" href="$SDLLoader_8h.html" title="SDLLoader.h" alt="" coords="121,230,217,254">
<area shape="rect" href="$camera_8h.html" title="camera.h" alt="" coords="385,81,460,105">
<area shape="rect" href="$textureManager_8h.html" title="textureManager.h" alt="" coords="704,156,824,180">
<area shape="rect" href="$GUI_8h.html" title="GUI.h" alt="" coords="111,305,167,329">
<area shape="rect" href="$error_8h.html" title="error.h" alt="" coords="325,305,381,329">
<area shape="rect" href="$GUIElement_8h.html" title="GUIElement.h" alt="" coords="93,380,197,404">
<area shape="rect" href="$point_8h.html" title="point.h" alt="" coords="631,230,689,254">
<area shape="rect" href="$DeltaFunctor_8h.html" title="DeltaFunctor.h" alt="" coords="416,156,520,180">
<area shape="rect" href="$character_8h.html" title="character.h" alt="" coords="544,156,629,180">
<area shape="rect" href="$path_8h.html" title="path.h" alt="" coords="285,156,341,180">
<area shape="rect" href="$cameraPosition_8h.html" title="cameraPosition.h" alt="" coords="484,230,607,254">
