<area shape="rect" href="$SDLLoader_8h.html" title="SDLLoader.h" alt="" coords="208,156,304,180">
<area shape="rect" href="$mesh_8h.html" title="mesh.h" alt="" coords="660,156,724,180">
<area shape="rect" href="$carCharacter_8h.html" title="carCharacter.h" alt="" coords="812,82,916,106">
<area shape="rect" href="$sampleServer_8h.html" title="sampleServer.h" alt="" coords="1171,231,1283,255">
<area shape="rect" href="$GUI_8h.html" title="GUI.h" alt="" coords="93,231,149,255">
<area shape="rect" href="$error_8h.html" title="error.h" alt="" coords="293,231,349,255">
<area shape="rect" href="$GUIElement_8h.html" title="GUIElement.h" alt="" coords="93,306,197,330">
<area shape="rect" href="$face_8h.html" title="face.h" alt="" coords="623,231,679,255">
<area shape="rect" href="$point_8h.html" title="point.h" alt="" coords="759,306,817,330">
<area shape="rect" href="$character_8h.html" title="character.h" alt="" coords="863,156,948,180">
<area shape="rect" href="$cameraPosition_8h.html" title="cameraPosition.h" alt="" coords="943,231,1065,255">
<area shape="rect" href="$serverConnection_8h.html" title="serverConnection.h" alt="" coords="1175,306,1308,330">
