<area shape="rect" href="$physicsObject_8h.html" title="physicsObject.h" alt="" coords="345,81,460,105">
<area shape="rect" href="$mesh_8h.html" title="mesh.h" alt="" coords="808,156,872,180">
<area shape="rect" href="$SDLLoader_8h.html" title="SDLLoader.h" alt="" coords="355,230,451,254">
<area shape="rect" href="$point_8h.html" title="point.h" alt="" coords="759,305,817,329">
<area shape="rect" href="$path_8h.html" title="path.h" alt="" coords="475,156,531,180">
<area shape="rect" href="$physicsManager_8h.html" title="physicsManager.h" alt="" coords="152,230,277,254">
<area shape="rect" href="$GUI_8h.html" title="GUI.h" alt="" coords="476,305,532,329">
<area shape="rect" href="$error_8h.html" title="error.h" alt="" coords="295,305,351,329">
<area shape="rect" href="$GUIElement_8h.html" title="GUIElement.h" alt="" coords="476,380,580,404">
<area shape="rect" href="$face_8h.html" title="face.h" alt="" coords="1029,230,1085,254">
<area shape="rect" href="$memberThreads_8h.html" title="memberThreads.h" alt="" coords="5,380,131,404">
