<area shape="rect" href="$camera_8cpp.html" title="camera.cpp" alt="" coords="136,81,224,105">
<area shape="rect" href="$SDLLoader_8h.html" title="SDLLoader.h" alt="" coords="248,81,344,105">
<area shape="rect" href="$ObjLoader_2main_8cpp.html" title="samples/ObjLoader/main.cpp" alt="" coords="368,81,557,105">
<area shape="rect" href="$DeltaFunctor_8cpp.html" title="DeltaFunctor.cpp" alt="" coords="5,156,125,180">
<area shape="rect" href="$GUI_8cpp.html" title="GUI.cpp" alt="" coords="149,156,219,180">
<area shape="rect" href="$GUIButton_8cpp.html" title="GUIButton.cpp" alt="" coords="243,156,349,180">
<area shape="rect" href="$app_8h.html" title="samples/SDLLoader/app.h" alt="" coords="373,156,547,180">
<area shape="rect" href="$SDLLoader_8cpp.html" title="SDLLoader.cpp" alt="" coords="571,156,680,180">
<area shape="rect" href="$app_8cpp.html" title="samples/SDLLoader/app.cpp" alt="" coords="259,230,445,254">
<area shape="rect" href="$SDLLoader_2main_8cpp.html" title="samples/SDLLoader/main.cpp" alt="" coords="469,230,664,254">
