<area shape="rect" href="$camera_8h.html" title="camera.h" alt="" coords="276,82,351,106">
<area shape="rect" href="$error_8h.html" title="error.h" alt="" coords="1051,455,1107,479">
<area shape="rect" href="$path_8h.html" title="path.h" alt="" coords="325,306,381,330">
<area shape="rect" href="$point_8h.html" title="point.h" alt="" coords="360,455,419,479">
<area shape="rect" href="$DeltaFunctor_8h.html" title="DeltaFunctor.h" alt="" coords="147,156,251,180">
<area shape="rect" href="$character_8h.html" title="character.h" alt="" coords="385,156,471,180">
<area shape="rect" href="$cameraPosition_8h.html" title="cameraPosition.h" alt="" coords="376,231,499,255">
<area shape="rect" href="$physicsObject_8h.html" title="physicsObject.h" alt="" coords="651,231,765,255">
<area shape="rect" href="$SDLLoader_8h.html" title="SDLLoader.h" alt="" coords="829,380,925,404">
<area shape="rect" href="$mesh_8h.html" title="mesh.h" alt="" coords="623,306,687,330">
<area shape="rect" href="$physicsManager_8h.html" title="physicsManager.h" alt="" coords="1152,380,1277,404">
<area shape="rect" href="$GUI_8h.html" title="GUI.h" alt="" coords="783,455,839,479">
<area shape="rect" href="$GUIElement_8h.html" title="GUIElement.h" alt="" coords="759,530,863,554">
<area shape="rect" href="$face_8h.html" title="face.h" alt="" coords="528,380,584,404">
<area shape="rect" href="$memberThreads_8h.html" title="memberThreads.h" alt="" coords="1143,530,1268,554">
