<area shape="rect" href="$mesh_8h.html" title="mesh.h" alt="" coords="295,231,359,255">
<area shape="rect" href="$character_8h.html" title="character.h" alt="" coords="287,81,372,105">
<area shape="rect" href="$face_8h.html" title="face.h" alt="" coords="220,305,276,329">
<area shape="rect" href="$point_8h.html" title="point.h" alt="" coords="257,380,316,404">
<area shape="rect" href="$cameraPosition_8h.html" title="cameraPosition.h" alt="" coords="579,156,701,180">
<area shape="rect" href="$physicsObject_8h.html" title="physicsObject.h" alt="" coords="440,156,555,180">
<area shape="rect" href="$SDLLoader_8h.html" title="SDLLoader.h" alt="" coords="724,305,820,329">
<area shape="rect" href="$path_8h.html" title="path.h" alt="" coords="744,231,800,255">
<area shape="rect" href="$physicsManager_8h.html" title="physicsManager.h" alt="" coords="1025,305,1151,329">
<area shape="rect" href="$GUI_8h.html" title="GUI.h" alt="" coords="764,380,820,404">
<area shape="rect" href="$error_8h.html" title="error.h" alt="" coords="481,380,537,404">
<area shape="rect" href="$GUIElement_8h.html" title="GUIElement.h" alt="" coords="772,455,876,479">
<area shape="rect" href="$memberThreads_8h.html" title="memberThreads.h" alt="" coords="1003,455,1128,479">
