<area shape="rect" href="$cameraPosition_8h.html" title="cameraPosition.h" alt="" coords="5,81,128,105">
<area shape="rect" href="$physicsObject_8h.html" title="physicsObject.h" alt="" coords="595,81,709,105">
<area shape="rect" href="$point_8h.html" title="point.h" alt="" coords="272,305,331,329">
<area shape="rect" href="$SDLLoader_8h.html" title="SDLLoader.h" alt="" coords="888,230,984,254">
<area shape="rect" href="$path_8h.html" title="path.h" alt="" coords="757,156,813,180">
<area shape="rect" href="$mesh_8h.html" title="mesh.h" alt="" coords="445,156,509,180">
<area shape="rect" href="$physicsManager_8h.html" title="physicsManager.h" alt="" coords="1059,230,1184,254">
<area shape="rect" href="$GUI_8h.html" title="GUI.h" alt="" coords="908,305,964,329">
<area shape="rect" href="$error_8h.html" title="error.h" alt="" coords="488,305,544,329">
<area shape="rect" href="$GUIElement_8h.html" title="GUIElement.h" alt="" coords="860,380,964,404">
<area shape="rect" href="$face_8h.html" title="face.h" alt="" coords="677,230,733,254">
<area shape="rect" href="$memberThreads_8h.html" title="memberThreads.h" alt="" coords="1048,380,1173,404">
