<area shape="rect" href="$character_8h.html" title="character.h" alt="" coords="145,81,231,105">
<area shape="rect" href="$cameraPosition_8h.html" title="cameraPosition.h" alt="" coords="37,156,160,180">
<area shape="rect" href="$physicsObject_8h.html" title="physicsObject.h" alt="" coords="624,156,739,180">
<area shape="rect" href="$point_8h.html" title="point.h" alt="" coords="320,380,379,404">
<area shape="rect" href="$SDLLoader_8h.html" title="SDLLoader.h" alt="" coords="920,305,1016,329">
<area shape="rect" href="$path_8h.html" title="path.h" alt="" coords="789,231,845,255">
<area shape="rect" href="$mesh_8h.html" title="mesh.h" alt="" coords="481,231,545,255">
<area shape="rect" href="$physicsManager_8h.html" title="physicsManager.h" alt="" coords="1092,305,1217,329">
<area shape="rect" href="$GUI_8h.html" title="GUI.h" alt="" coords="941,380,997,404">
<area shape="rect" href="$error_8h.html" title="error.h" alt="" coords="559,380,615,404">
<area shape="rect" href="$GUIElement_8h.html" title="GUIElement.h" alt="" coords="893,455,997,479">
<area shape="rect" href="$face_8h.html" title="face.h" alt="" coords="387,305,443,329">
<area shape="rect" href="$memberThreads_8h.html" title="memberThreads.h" alt="" coords="1081,455,1207,479">
