<area shape="rect" href="$classSDLLoader.html" title="SDLLoader" alt="" coords="200,476,285,500">
<area shape="rect" href="$classCamera.html" title="Camera" alt="" coords="209,388,276,412">
<area shape="rect" href="$classDelta__Functor.html" title="Delta_Functor" alt="" coords="5,284,107,308">
<area shape="rect" href="$classPoint3.html" title="Point3" alt="" coords="236,7,295,31">
<area shape="rect" href="$classCharacter.html" title="Character" alt="" coords="332,284,409,308">
<area shape="rect" href="$classPhysicsObject.html" title="PhysicsObject" alt="" coords="381,167,488,191">
<area shape="rect" href="$classPath.html" title="Path\&lt; Point3 \&gt;" alt="" coords="199,284,308,308">
<area shape="rect" href="$classCarCharacter.html" title="CarCharacter" alt="" coords="364,388,460,412">
<area shape="rect" href="$classMesh.html" title="Mesh" alt="" coords="433,284,487,308">
<area shape="rect" href="$classSampleServer.html" title="SampleServer" alt="" coords="492,476,596,500">
<area shape="rect" href="$classServerConnection.html" title="ServerConnection" alt="" coords="484,388,607,412">
