<area shape="rect" href="$camera_8h.html" title="camera.h" alt="" coords="365,81,440,105">
<area shape="rect" href="$DeltaFunctor_8cpp.html" title="DeltaFunctor.cpp" alt="" coords="560,231,680,255">
<area shape="rect" href="$ObjLoader_2main_8cpp.html" title="samples/ObjLoader/main.cpp" alt="" coords="391,156,580,180">
<area shape="rect" href="$functorFactory_8h.html" title="functorFactory.h" alt="" coords="657,81,772,105">
<area shape="rect" href="$stopFunctor_8h.html" title="stopFunctor.h" alt="" coords="807,81,905,105">
<area shape="rect" href="$camera_8cpp.html" title="camera.cpp" alt="" coords="159,156,247,180">
<area shape="rect" href="$SDLLoader_8h.html" title="SDLLoader.h" alt="" coords="271,156,367,180">
<area shape="rect" href="$GUI_8cpp.html" title="GUI.cpp" alt="" coords="5,231,75,255">
<area shape="rect" href="$GUIButton_8cpp.html" title="GUIButton.cpp" alt="" coords="99,231,205,255">
<area shape="rect" href="$app_8h.html" title="samples/SDLLoader/app.h" alt="" coords="229,231,403,255">
<area shape="rect" href="$SDLLoader_8cpp.html" title="SDLLoader.cpp" alt="" coords="427,231,536,255">
<area shape="rect" href="$app_8cpp.html" title="samples/SDLLoader/app.cpp" alt="" coords="115,305,301,329">
<area shape="rect" href="$SDLLoader_2main_8cpp.html" title="samples/SDLLoader/main.cpp" alt="" coords="325,305,520,329">
<area shape="rect" href="$functorFactory_8cpp.html" title="functorFactory.cpp" alt="" coords="655,156,783,180">
<area shape="rect" href="$stopFunctor_8cpp.html" title="stopFunctor.cpp" alt="" coords="807,156,921,180">
