<area shape="rect" href="$SDLLoader_8h.html" title="SDLLoader.h" alt="" coords="425,81,521,105">
<area shape="rect" href="$camera_8cpp.html" title="camera.cpp" alt="" coords="561,305,649,329">
<area shape="rect" href="$sampleServer_8cpp.html" title="sample/sampleServer.cpp" alt="" coords="5,231,176,255">
<area shape="rect" href="$error_8cpp.html" title="error.cpp" alt="" coords="813,81,885,105">
<area shape="rect" href="$mesh_8cpp.html" title="mesh.cpp" alt="" coords="909,81,987,105">
<area shape="rect" href="$carCharacter_8cpp.html" title="sample/carCharacter.cpp" alt="" coords="1011,81,1176,105">
<area shape="rect" href="$serverConnection_8cpp.html" title="serverConnection.cpp" alt="" coords="1200,81,1347,105">
<area shape="rect" href="$socketConnection_8cpp.html" title="socketConnection.cpp" alt="" coords="1371,81,1520,105">
<area shape="rect" href="$path_8h.html" title="path.h" alt="" coords="445,156,501,180">
<area shape="rect" href="$SDLLoader_8cpp.html" title="SDLLoader.cpp" alt="" coords="428,305,537,329">
<area shape="rect" href="$DeltaFunctor_8cpp.html" title="DeltaFunctor.cpp" alt="" coords="525,156,645,180">
<area shape="rect" href="$GUI_8cpp.html" title="GUI.cpp" alt="" coords="669,156,739,180">
<area shape="rect" href="$GUIButton_8cpp.html" title="GUIButton.cpp" alt="" coords="141,156,248,180">
<area shape="rect" href="$app_8h.html" title="sample/app.h" alt="" coords="272,156,371,180">
<area shape="rect" href="$camera_8h.html" title="camera.h" alt="" coords="445,231,520,255">
<area shape="rect" href="$app_8cpp.html" title="sample/app.cpp" alt="" coords="292,305,404,329">
<area shape="rect" href="$main_8cpp.html" title="sample/main.cpp" alt="" coords="200,231,320,255">
