<area shape="rect" href="$SDLLoader_8h.html" title="SDLLoader.h" alt="" coords="456,81,552,105">
<area shape="rect" href="$camera_8cpp.html" title="camera.cpp" alt="" coords="25,455,113,479">
<area shape="rect" href="$sampleServer_8cpp.html" title="sample/sampleServer.cpp" alt="" coords="795,529,965,553">
<area shape="rect" href="$carCharacter_8cpp.html" title="sample/carCharacter.cpp" alt="" coords="717,455,883,479">
<area shape="rect" href="$physicsManager_8cpp.html" title="physicsManager.cpp" alt="" coords="592,305,731,329">
<area shape="rect" href="$error_8cpp.html" title="error.cpp" alt="" coords="957,81,1029,105">
<area shape="rect" href="$mesh_8cpp.html" title="mesh.cpp" alt="" coords="1053,81,1131,105">
<area shape="rect" href="$serverConnection_8cpp.html" title="serverConnection.cpp" alt="" coords="1155,81,1301,105">
<area shape="rect" href="$socketConnection_8cpp.html" title="socketConnection.cpp" alt="" coords="1325,81,1475,105">
<area shape="rect" href="$physicsObject_8h.html" title="physicsObject.h" alt="" coords="388,231,503,255">
<area shape="rect" href="$SDLLoader_8cpp.html" title="SDLLoader.cpp" alt="" coords="373,455,483,479">
<area shape="rect" href="$app_8h.html" title="sample/app.h" alt="" coords="595,455,693,479">
<area shape="rect" href="$path_8h.html" title="path.h" alt="" coords="411,156,467,180">
<area shape="rect" href="$DeltaFunctor_8cpp.html" title="DeltaFunctor.cpp" alt="" coords="43,156,163,180">
<area shape="rect" href="$GUI_8cpp.html" title="GUI.cpp" alt="" coords="187,156,256,180">
<area shape="rect" href="$GUIButton_8cpp.html" title="GUIButton.cpp" alt="" coords="280,156,387,180">
<area shape="rect" href="$character_8h.html" title="character.h" alt="" coords="280,305,365,329">
<area shape="rect" href="$physicsObject_8cpp.html" title="physicsObject.cpp" alt="" coords="389,305,517,329">
<area shape="rect" href="$ball_8h.html" title="sample/ball.h" alt="" coords="157,305,256,329">
<area shape="rect" href="$camera_8h.html" title="camera.h" alt="" coords="285,380,360,404">
<area shape="rect" href="$character_8cpp.html" title="character.cpp" alt="" coords="384,380,483,404">
<area shape="rect" href="$carCharacter_8h.html" title="sample/carCharacter.h" alt="" coords="579,380,731,404">
<area shape="rect" href="$app_8cpp.html" title="sample/app.cpp" alt="" coords="461,529,573,553">
<area shape="rect" href="$main_8cpp.html" title="sample/main.cpp" alt="" coords="597,529,717,553">
<area shape="rect" href="$ball_8cpp.html" title="sample/ball.cpp" alt="" coords="149,380,261,404">
