<area shape="rect" href="$SDLLoader_8h.html" title="SDLLoader.h" alt="" coords="455,81,551,105">
<area shape="rect" href="$app_8cpp.html" title="sample/app.cpp" alt="" coords="393,529,505,553">
<area shape="rect" href="$GUI_8cpp.html" title="GUI.cpp" alt="" coords="744,156,813,180">
<area shape="rect" href="$physicsObject_8h.html" title="physicsObject.h" alt="" coords="345,231,460,255">
<area shape="rect" href="$SDLLoader_8cpp.html" title="SDLLoader.cpp" alt="" coords="168,455,277,479">
<area shape="rect" href="$app_8h.html" title="sample/app.h" alt="" coords="760,455,859,479">
<area shape="rect" href="$physicsManager_8cpp.html" title="physicsManager.cpp" alt="" coords="624,305,763,329">
<area shape="rect" href="$path_8h.html" title="path.h" alt="" coords="61,156,117,180">
<area shape="rect" href="$DeltaFunctor_8cpp.html" title="DeltaFunctor.cpp" alt="" coords="540,156,660,180">
<area shape="rect" href="$GUIButton_8cpp.html" title="GUIButton.cpp" alt="" coords="141,156,248,180">
<area shape="rect" href="$character_8h.html" title="character.h" alt="" coords="240,305,325,329">
<area shape="rect" href="$physicsObject_8cpp.html" title="physicsObject.cpp" alt="" coords="472,305,600,329">
<area shape="rect" href="$ball_8h.html" title="sample/ball.h" alt="" coords="349,305,448,329">
<area shape="rect" href="$camera_8h.html" title="camera.h" alt="" coords="91,380,165,404">
<area shape="rect" href="$character_8cpp.html" title="character.cpp" alt="" coords="416,380,515,404">
<area shape="rect" href="$carCharacter_8h.html" title="sample/carCharacter.h" alt="" coords="240,380,392,404">
<area shape="rect" href="$camera_8cpp.html" title="camera.cpp" alt="" coords="5,455,93,479">
<area shape="rect" href="$carCharacter_8cpp.html" title="sample/carCharacter.cpp" alt="" coords="353,455,519,479">
<area shape="rect" href="$main_8cpp.html" title="sample/main.cpp" alt="" coords="664,529,784,553">
<area shape="rect" href="$sampleServer_8cpp.html" title="sample/sampleServer.cpp" alt="" coords="808,529,979,553">
<area shape="rect" href="$ball_8cpp.html" title="sample/ball.cpp" alt="" coords="539,380,651,404">
