<area shape="rect" href="$SDLLoader_8h.html" title="SDLLoader.h" alt="" coords="424,81,520,105">
<area shape="rect" href="$app_8cpp.html" title="sample/app.cpp" alt="" coords="176,305,288,329">
<area shape="rect" href="$GUI_8cpp.html" title="GUI.cpp" alt="" coords="660,156,729,180">
<area shape="rect" href="$path_8h.html" title="path.h" alt="" coords="399,156,455,180">
<area shape="rect" href="$SDLLoader_8cpp.html" title="SDLLoader.cpp" alt="" coords="549,305,659,329">
<area shape="rect" href="$DeltaFunctor_8cpp.html" title="DeltaFunctor.cpp" alt="" coords="255,156,375,180">
<area shape="rect" href="$GUIButton_8cpp.html" title="GUIButton.cpp" alt="" coords="479,156,585,180">
<area shape="rect" href="$app_8h.html" title="sample/app.h" alt="" coords="132,156,231,180">
<area shape="rect" href="$camera_8h.html" title="camera.h" alt="" coords="464,231,539,255">
<area shape="rect" href="$camera_8cpp.html" title="camera.cpp" alt="" coords="401,305,489,329">
<area shape="rect" href="$main_8cpp.html" title="sample/main.cpp" alt="" coords="269,231,389,255">
<area shape="rect" href="$sampleServer_8cpp.html" title="sample/sampleServer.cpp" alt="" coords="24,231,195,255">
