<area shape="rect" href="$GUI_8h.html" title="GUI.h" alt="" coords="451,81,507,105">
<area shape="rect" href="$GUIButton_8h.html" title="GUIButton.h" alt="" coords="745,156,839,180">
<area shape="rect" href="$GUIElement_8cpp.html" title="GUIElement.cpp" alt="" coords="779,81,896,105">
<area shape="rect" href="$GUIText_8h.html" title="GUIText.h" alt="" coords="920,81,1000,105">
<area shape="rect" href="$SDLLoader_8h.html" title="SDLLoader.h" alt="" coords="377,156,473,180">
<area shape="rect" href="$GUI_8cpp.html" title="GUI.cpp" alt="" coords="5,231,75,255">
<area shape="rect" href="$app_8cpp.html" title="samples/SDLLoader/app.cpp" alt="" coords="624,305,811,329">
<area shape="rect" href="$DeltaFunctor_8cpp.html" title="DeltaFunctor.cpp" alt="" coords="296,231,416,255">
<area shape="rect" href="$GUIButton_8cpp.html" title="GUIButton.cpp" alt="" coords="573,231,680,255">
<area shape="rect" href="$app_8h.html" title="samples/SDLLoader/app.h" alt="" coords="99,231,272,255">
<area shape="rect" href="$SDLLoader_8cpp.html" title="SDLLoader.cpp" alt="" coords="440,231,549,255">
<area shape="rect" href="$SDLLoader_2main_8cpp.html" title="samples/SDLLoader/main.cpp" alt="" coords="88,305,283,329">
<area shape="rect" href="$GUIText_8cpp.html" title="GUIText.cpp" alt="" coords="913,156,1007,180">
