<area shape="rect" href="$physicsObject_8h.html" title="physicsObject.h" alt="" coords="364,82,479,106">
<area shape="rect" href="$camera_8h.html" title="camera.h" alt="" coords="116,231,191,255">
<area shape="rect" href="$camera_8cpp.html" title="camera.cpp" alt="" coords="5,306,93,330">
<area shape="rect" href="$character_8h.html" title="character.h" alt="" coords="243,156,328,180">
<area shape="rect" href="$physicsManager_8cpp.html" title="physicsManager.cpp" alt="" coords="352,156,491,180">
<area shape="rect" href="$physicsObject_8cpp.html" title="physicsObject.cpp" alt="" coords="515,156,643,180">
<area shape="rect" href="$ball_8h.html" title="sample/ball.h" alt="" coords="667,156,765,180">
<area shape="rect" href="$character_8cpp.html" title="character.cpp" alt="" coords="415,231,513,255">
<area shape="rect" href="$carCharacter_8h.html" title="sample/carCharacter.h" alt="" coords="239,231,391,255">
<area shape="rect" href="$app_8cpp.html" title="sample/app.cpp" alt="" coords="205,380,317,404">
<area shape="rect" href="$SDLLoader_8cpp.html" title="SDLLoader.cpp" alt="" coords="168,306,277,330">
<area shape="rect" href="$app_8h.html" title="sample/app.h" alt="" coords="352,306,451,330">
<area shape="rect" href="$carCharacter_8cpp.html" title="sample/carCharacter.cpp" alt="" coords="475,306,640,330">
<area shape="rect" href="$main_8cpp.html" title="sample/main.cpp" alt="" coords="341,380,461,404">
<area shape="rect" href="$sampleServer_8cpp.html" title="sample/sampleServer.cpp" alt="" coords="485,380,656,404">
<area shape="rect" href="$ball_8cpp.html" title="sample/ball.cpp" alt="" coords="660,231,772,255">
