<area shape="rect" href="$physicsManager_8h.html" title="physicsManager.h" alt="" coords="84,156,209,180">
<area shape="rect" href="$physicsObject_8h.html" title="physicsObject.h" alt="" coords="380,81,495,105">
<area shape="rect" href="$SDLLoader_8h.html" title="SDLLoader.h" alt="" coords="284,230,380,254">
<area shape="rect" href="$error_8h.html" title="error.h" alt="" coords="899,305,955,329">
<area shape="rect" href="$memberThreads_8h.html" title="memberThreads.h" alt="" coords="5,305,131,329">
<area shape="rect" href="$point_8h.html" title="point.h" alt="" coords="755,305,813,329">
<area shape="rect" href="$path_8h.html" title="path.h" alt="" coords="420,156,476,180">
<area shape="rect" href="$mesh_8h.html" title="mesh.h" alt="" coords="724,156,788,180">
<area shape="rect" href="$GUI_8h.html" title="GUI.h" alt="" coords="275,305,331,329">
<area shape="rect" href="$GUIElement_8h.html" title="GUIElement.h" alt="" coords="275,380,379,404">
<area shape="rect" href="$face_8h.html" title="face.h" alt="" coords="687,230,743,254">
