<area shape="rect" href="$physicsObject_8h.html" title="physicsObject.h" alt="" coords="757,81,872,105">
<area shape="rect" href="$textureManager_8h.html" title="textureManager.h" alt="" coords="877,230,997,254">
<area shape="rect" href="$SDLLoader_8h.html" title="SDLLoader.h" alt="" coords="72,230,168,254">
<area shape="rect" href="$point_8h.html" title="point.h" alt="" coords="539,305,597,329">
<area shape="rect" href="$path_8h.html" title="path.h" alt="" coords="243,156,299,180">
<area shape="rect" href="$mesh_8h.html" title="mesh.h" alt="" coords="569,156,633,180">
<area shape="rect" href="$physicsManager_8h.html" title="physicsManager.h" alt="" coords="1072,230,1197,254">
<area shape="rect" href="$GUI_8h.html" title="GUI.h" alt="" coords="39,305,95,329">
<area shape="rect" href="$error_8h.html" title="error.h" alt="" coords="396,305,452,329">
<area shape="rect" href="$GUIElement_8h.html" title="GUIElement.h" alt="" coords="39,380,143,404">
<area shape="rect" href="$face_8h.html" title="face.h" alt="" coords="373,230,429,254">
<area shape="rect" href="$memberThreads_8h.html" title="memberThreads.h" alt="" coords="1112,380,1237,404">
