<area shape="rect" href="$character_8h.html" title="character.h" alt="" coords="203,81,288,105">
<area shape="rect" href="$physicsManager_8cpp.html" title="physicsManager.cpp" alt="" coords="312,81,451,105">
<area shape="rect" href="$physicsObject_8cpp.html" title="physicsObject.cpp" alt="" coords="475,81,603,105">
<area shape="rect" href="$ball_8h.html" title="sample/ball.h" alt="" coords="627,81,725,105">
<area shape="rect" href="$camera_8h.html" title="camera.h" alt="" coords="95,156,169,180">
<area shape="rect" href="$character_8cpp.html" title="character.cpp" alt="" coords="196,156,295,180">
<area shape="rect" href="$carCharacter_8h.html" title="sample/carCharacter.h" alt="" coords="324,156,476,180">
<area shape="rect" href="$camera_8cpp.html" title="camera.cpp" alt="" coords="5,231,93,255">
<area shape="rect" href="$app_8cpp.html" title="sample/app.cpp" alt="" coords="205,305,317,329">
<area shape="rect" href="$SDLLoader_8cpp.html" title="SDLLoader.cpp" alt="" coords="168,231,277,255">
<area shape="rect" href="$app_8h.html" title="sample/app.h" alt="" coords="352,231,451,255">
<area shape="rect" href="$carCharacter_8cpp.html" title="sample/carCharacter.cpp" alt="" coords="475,231,640,255">
<area shape="rect" href="$main_8cpp.html" title="sample/main.cpp" alt="" coords="341,305,461,329">
<area shape="rect" href="$sampleServer_8cpp.html" title="sample/sampleServer.cpp" alt="" coords="485,305,656,329">
<area shape="rect" href="$ball_8cpp.html" title="sample/ball.cpp" alt="" coords="620,156,732,180">
