<area shape="rect" href="$boundingBox_8h.html" title="boundingBox.h" alt="" coords="19,231,125,255">
<area shape="rect" href="$face_8h.html" title="face.h" alt="" coords="341,81,397,105">
<area shape="rect" href="$mesh_8h.html" title="mesh.h" alt="" coords="225,156,289,180">
<area shape="rect" href="$physicsObject_8h.html" title="physicsObject.h" alt="" coords="533,231,648,255">
<area shape="rect" href="$character_8h.html" title="character.h" alt="" coords="639,305,724,329">
<area shape="rect" href="$camera_8h.html" title="camera.h" alt="" coords="897,380,972,404">
<area shape="rect" href="$face_8cpp.html" title="face.cpp" alt="" coords="313,156,385,180">
<area shape="rect" href="$path_8h.html" title="path.h" alt="" coords="727,156,783,180">
<area shape="rect" href="$GUIButton_8h.html" title="GUIButton.h" alt="" coords="504,81,597,105">
<area shape="rect" href="$GUIText_8h.html" title="GUIText.h" alt="" coords="984,81,1064,105">
<area shape="rect" href="$textureManager_8h.html" title="textureManager.h" alt="" coords="1052,231,1172,255">
<area shape="rect" href="$point_8cpp.html" title="point.cpp" alt="" coords="1149,81,1224,105">
<area shape="rect" href="$boundingBox_8cpp.html" title="boundingBox.cpp" alt="" coords="5,305,125,329">
<area shape="rect" href="$GUIButton_8cpp.html" title="GUIButton.cpp" alt="" coords="409,156,516,180">
<area shape="rect" href="$carCharacter_8h.html" title="sample/carCharacter.h" alt="" coords="387,380,539,404">
<area shape="rect" href="$app_8h.html" title="sample/app.h" alt="" coords="387,455,485,479">
<area shape="rect" href="$carCharacter_8cpp.html" title="sample/carCharacter.cpp" alt="" coords="139,455,304,479">
<area shape="rect" href="$ball_8h.html" title="sample/ball.h" alt="" coords="301,305,400,329">
<area shape="rect" href="$mesh_8cpp.html" title="mesh.cpp" alt="" coords="352,231,429,255">
<area shape="rect" href="$physicsManager_8cpp.html" title="physicsManager.cpp" alt="" coords="476,305,615,329">
<area shape="rect" href="$physicsObject_8cpp.html" title="physicsObject.cpp" alt="" coords="799,305,927,329">
<area shape="rect" href="$character_8cpp.html" title="character.cpp" alt="" coords="625,380,724,404">
<area shape="rect" href="$camera_8cpp.html" title="camera.cpp" alt="" coords="745,455,833,479">
<area shape="rect" href="$app_8cpp.html" title="sample/app.cpp" alt="" coords="520,529,632,553">
<area shape="rect" href="$SDLLoader_8cpp.html" title="SDLLoader.cpp" alt="" coords="929,455,1039,479">
<area shape="rect" href="$main_8cpp.html" title="sample/main.cpp" alt="" coords="376,529,496,553">
<area shape="rect" href="$sampleServer_8cpp.html" title="sample/sampleServer.cpp" alt="" coords="181,529,352,553">
<area shape="rect" href="$ball_8cpp.html" title="sample/ball.cpp" alt="" coords="251,380,363,404">
<area shape="rect" href="$GUIText_8cpp.html" title="GUIText.cpp" alt="" coords="981,156,1075,180">
<area shape="rect" href="$textureManager_8cpp.html" title="textureManager.cpp" alt="" coords="1103,305,1239,329">
