<area shape="rect" href="$camera_8h.html" title="camera.h" alt="" coords="49,156,124,180">
<area shape="rect" href="$character_8h.html" title="character.h" alt="" coords="208,82,293,106">
<area shape="rect" href="$path_8h.html" title="path.h" alt="" coords="59,82,115,106">
<area shape="rect" href="$face_8h.html" title="face.h" alt="" coords="461,82,517,106">
<area shape="rect" href="$face_8cpp.html" title="face.cpp" alt="" coords="591,156,663,180">
<area shape="rect" href="$mesh_8h.html" title="mesh.h" alt="" coords="503,156,567,180">
<area shape="rect" href="$GUIButton_8h.html" title="GUIButton.h" alt="" coords="344,82,437,106">
<area shape="rect" href="$GUIText_8h.html" title="GUIText.h" alt="" coords="693,82,773,106">
<area shape="rect" href="$textureManager_8h.html" title="textureManager.h" alt="" coords="687,156,807,180">
<area shape="rect" href="$point_8cpp.html" title="point.cpp" alt="" coords="797,82,872,106">
<area shape="rect" href="$camera_8cpp.html" title="camera.cpp" alt="" coords="5,231,93,255">
<area shape="rect" href="$app_8cpp.html" title="sample/app.cpp" alt="" coords="253,380,365,404">
<area shape="rect" href="$SDLLoader_8cpp.html" title="SDLLoader.cpp" alt="" coords="599,231,708,255">
<area shape="rect" href="$character_8cpp.html" title="character.cpp" alt="" coords="148,156,247,180">
<area shape="rect" href="$carCharacter_8h.html" title="sample/carCharacter.h" alt="" coords="321,231,473,255">
<area shape="rect" href="$app_8h.html" title="sample/app.h" alt="" coords="561,306,660,330">
<area shape="rect" href="$carCharacter_8cpp.html" title="sample/carCharacter.cpp" alt="" coords="372,306,537,330">
<area shape="rect" href="$main_8cpp.html" title="sample/main.cpp" alt="" coords="664,380,784,404">
<area shape="rect" href="$sampleServer_8cpp.html" title="sample/sampleServer.cpp" alt="" coords="469,380,640,404">
<area shape="rect" href="$GUIButton_8cpp.html" title="GUIButton.cpp" alt="" coords="372,156,479,180">
<area shape="rect" href="$mesh_8cpp.html" title="mesh.cpp" alt="" coords="732,231,809,255">
<area shape="rect" href="$GUIText_8cpp.html" title="GUIText.cpp" alt="" coords="831,156,924,180">
<area shape="rect" href="$textureManager_8cpp.html" title="textureManager.cpp" alt="" coords="833,231,969,255">
